// Jest Snapshot v1, https://goo.gl/fbAQLP

exports[`Home Snapshot matches snapshot (normalized) 1`] = `"<div class="jsx-HASH container"><main class="jsx-HASH"><h1 class="jsx-HASH">DevOps Assignment</h1><div class="jsx-HASH status"><p class="jsx-HASH">Status: <span class="jsx-HASH error"></span></p></div><div class="jsx-HASH message-box"><h2 class="jsx-HASH">Backend Message:</h2><p class="jsx-HASH">Loading...</p></div><div class="jsx-HASH info"><p class="jsx-HASH">Backend URL: http://localhost:8000</p></div></main></div>"`;
